1. /docB.html (5 hits)
2. /docA.html (3 hits)
3. /docF.html (3 hits)
4. /docG.html (3 hits)
5. /image1.jpg (2 hits)
6. /image2.jpg (1 hits)
7. /docI.html (1 hits)
8. /docC.html (1 hits)
9. /docH.html (1 hits)
10. /docD.html (1 hits)
Dot-file thirteen.dot generated