1. /fichierA.html (2 hits)
2. /docA.html (2 hits)
3. /fichierD.html (2 hits)
4. /fichierB.html (1 hits)
5. /docB.html (1 hits)
6. /fichierC.html (1 hits)
7. /fichierE.html (1 hits)
Dot-file  generated