1. /docB.html (4 hits)
2. /docA.html (3 hits)
3. /docF.html (2 hits)
4. /docH.html (1 hits)
5. /docC.html (1 hits)
6. /docD.html (1 hits)
7. /docG.html (1 hits)
Dot-file  generated