1. /temps/4IF16.html (1 hits)
2. /temps/style_emploi_du_temps.css (1 hits)
3. /temps/3IF41.html (1 hits)
4. /favicon.ico (1 hits)
5. /temps/suivant.gif (1 hits)
6. /temps (1 hits)
7. /temps/3IF39.html (1 hits)
8. /SiteWebIF/Intranet-etudiant.php (1 hits)
Dot-file  generated