1. /docB.html (1 hits)
Dot-file fourteen.dot generated