1. /temps/3IF38.html (1 hits)
2. /temps/4IF17.html (1 hits)
3. /temps/4IF16.html (1 hits)
4. /temps/3IF37.html (1 hits)
5. /temps/4IF18.html (1 hits)
Dot-file  generated