No hour was given, time will not be accounted for
1. /docB.html (5 hits)
2. /docA.html (3 hits)
3. /image1.jpg (2 hits)
4. /docF.html (2 hits)
5. /image2.jpg (1 hits)
6. /docC.html (1 hits)
7. /docH.html (1 hits)
8. /docD.html (1 hits)
9. /docG.html (1 hits)
Dot-file  generated