No graph file name was passed, graph will not be made
1. /fichierB.html (4 hits)
2. /fichierA.html (4 hits)
3. /fichierD.html (3 hits)
4. /fichierC.html (2 hits)
5. /fichierE.html (2 hits)
6. /fichierI.html (2 hits)
7. /fichierL.html (2 hits)
8. /fichierH.html (2 hits)
9. /fichierJ.html (2 hits)
10. /fichierG.html (1 hits)
Dot-file  generated