1. /docD.html (1 hits)
2. /docH.html (1 hits)
3. /docA.html (1 hits)
Dot-file seventeen.dot generated