/image1.jpg (1 hits)
/docB.html (1 hits)
/docA.html (0 hits)